// Jest Snapshot v1, https://goo.gl/fbAQLP

exports[`Button renders correctly 1`] = `
<button
  class="chakra-button css-5c2176"
  type="button"
>
  Button
</button>
`;
